// Jest Snapshot v1, https://goo.gl/fbAQLP

exports[`renders a snapshot 1`] = `
<styled.div>
  <Teams
    home={true}
  />
  <Bets />
</styled.div>
`;
