// Jest Snapshot v1, https://goo.gl/fbAQLP

exports[`renders a snapshot 1`] = `
<styled.div>
  <MarketsNavLinks
    marketData={Object {}}
  />
</styled.div>
`;
