// Jest Snapshot v1, https://goo.gl/fbAQLP

exports[`renders a snapshot 1`] = `
<styled.div>
  <MarketsNav
    market={
      Object {
        "marketsLoaded": Array [],
      }
    }
  />
  <Switch />
</styled.div>
`;
